// Jest Snapshot v1, https://goo.gl/fbAQLP

exports[`Dropzone Container renders without crashing 1`] = `
<Connect(Interact)>
  <Grid>
    <GridRow
      style={
        Object {
          "justifyContent": "space-evenly",
        }
      }
    >
      <Dropzone
        className="inner-dropzone"
        key="g"
        letter="g"
        style={
          Object {
            "border": "dotted white 2px",
            "color": "rgba(0,0,0,0)",
            "fontSize": "1.5rem",
            "padding": "25px",
          }
        }
      />
      <Dropzone
        className="inner-dropzone"
        key="u"
        letter="u"
        style={
          Object {
            "border": "dotted white 2px",
            "color": "rgba(0,0,0,0)",
            "fontSize": "1.5rem",
            "padding": "25px",
          }
        }
      />
      <Dropzone
        className="inner-dropzone"
        key="m"
        letter="m"
        style={
          Object {
            "border": "dotted white 2px",
            "color": "rgba(0,0,0,0)",
            "fontSize": "1.5rem",
            "padding": "25px",
          }
        }
      />
    </GridRow>
  </Grid>
</Connect(Interact)>
`;
